
> pixelize@0.1.0 build
> next build

   Γû▓ Next.js 15.3.3

   Creating an optimized production build ...
 Γ£ô Compiled successfully in 3.0s
   Skipping linting
   Checking validity of types ...
node.exe : Failed to compile.
At C:\Program 
Files\nodejs\npm.ps1:29 
char:3
+   & $NODE_EXE $NPM_CLI_JS 
$args
+   
~~~~~~~~~~~~~~~~~~~~~~~~~~~~~
    + CategoryInfo           
   : NotSpecified: (Failed   
  to compile.:String) [],    
 RemoteException
    + FullyQualifiedErrorId  
   : NativeCommandError
 

./src/app/layout.tsx:34:12
Type error: 'ScrollToTop' 
cannot be used as a JSX 
component.
  Its type '() => void' is 
not a valid JSX element type.
    Type '() => void' is not 
assignable to type '(props: 
any) => ReactNode | 
Promise<ReactNode>'.
      Type 'void' is not 
assignable to type 
'ReactNode | 
Promise<ReactNode>'.

[0m [90m 32 |[39m         
  {children}[0m
[0m [90m 33 |[39m         
  
[33m<[39m[33mFooter[39m 
[33m/[39m[33m>[39m[0m
[0m[31m[1m>[22m[39m[90m
 34 |[39m           [33m<[
39m[33mScrollToTop[39m 
[33m/[39m[33m>[39m[0m
[0m [90m    |[39m         
   [31m[1m^[22m[39m[0m
[0m [90m 35 |[39m         
[33m<[39m[33m/[39m[33mTh
emeProvider[39m[33m>[39m[
0m
[0m [90m 36 |[39m       [
33m<[39m[33m/[39m[33mbody
[39m[33m>[39m[0m
[0m [90m 37 |[39m     [33
m<[39m[33m/[39m[33mhtml[
39m[33m>[39m[0m
Next.js build worker exited 
with code: 1 and signal: null
